{
  "id": "11111111-aaaa-aaaa-aaaa-aaaaaaaaaaaa",
  "organization_id": "11111111-1111-1111-1111-111111111111",
  "name": "Driver's License",
  "description": "Issued by the Department of Motor Vehicles",
  "category": "Certificates",
  "expiration": 5
}