[
  {
    "id": "11111111-aaaa-aaaa-aaaa-aaaaaaaaaaaa",
    "organization_id": "11111111-1111-1111-1111-111111111111",
    "name": "Driver's License",
    "description": "Issued by the Department of Motor Vehicles",
    "category": "Certificates",
    "expiration": 5
  },
  {
    "id": "11111111-bbbb-bbbb-bbbb-bbbbbbbbbbbb",
    "organization_id": "11111111-1111-1111-1111-111111111111",
    "name": "Passport",
    "description": "Issued by the Department of State",
    "category": "Personal",
    "expiration": null
  }
]
