{
  "id": "_created-0000-0000-0000-000mocked_01",
  "organization_id": "11111111-1111-1111-1111-111111111111",
  "name": "Driver's License CREATED",
  "description": "Issued by the Department of Motor Vehicles CREATED",
  "category": "Certificates",
  "expiration": 5
}