{
  "deleted_id": "aaaaaaaa-aaaa-aaaa-aaaa-aaaaaaaaaaaa"
}