[
  {
    "role_id": "aaaaaaaa-aaaa-aaaa-aaaa-aaaaaaaaaaaa",
    "organization_id": "11111111-1111-1111-1111-111111111111",
    "name": "Attending Physician",
    "description": "Diagnoses and treats patients in a specific medical specialty.",
    "type": "Non-Clinical"
  },
  {
    "role_id": "bbbbbbbb-bbbb-bbbb-bbbb-bbbbbbbbbbbb",
    "organization_id": "11111111-1111-1111-1111-111111111111",
    "name": "Registered Nurse",
    "description": "Provides direct patient care under the supervision of a physician.",
    "type": "Non-Clinical"
  },
  {
    "role_id": "cccccccc-cccc-cccc-cccc-cccccccccccc",
    "organization_id": "11111111-1111-1111-1111-111111111111",
    "name": "Medical Laboratory Technician",
    "description": "Conducts laboratory tests and analyzes results to support patient diagnosis and treatment.",
    "type": "Clinical"
  },
  {
    "role_id": "dddddddd-dddd-dddd-dddd-dddddddddddd",
    "organization_id": "11111111-1111-1111-1111-111111111111",
    "name": "Patient Care Technician",
    "description": "Provides basic care to patients under the supervision of nurses.",
    "type": "Clinical"
  }
]