{
  "role_id": "_created-0000-0000-0000-000mocked_01",
  "organization_id": "11111111-1111-1111-1111-111111111111",
  "name": "Manager",
  "description": "Manages teams and oversees operations.",
  "type": "Non-Clinical"
}