{
  "role_id": "aaaaaaaa-aaaa-aaaa-aaaa-aaaaaaaaaaaa",
  "organization_id": "11111111-1111-1111-1111-111111111111",
  "name": "Manager Updated",
  "description": "Manages teams and oversees operations. Updated",
  "type": "Non-Clinical"
}
