{
  "deleted_id": "xxxxxxx-xxxx-bbbb-bbbb-bbbbbbbbbbbb"
}