{
  "response_id": "xxxxxxx-xxxx-aaaa-aaaa-aaaaaaaaaaaa",
  "employee_id": "xxxxxxx-aaaa-aaaa-aaaa-aaaaaaaaaaaa",
  "questionnaire_id": "11111111-aaaa-aaaa-aaaa-aaaaaaaaaaaa",
  "status": "Draft",
  "completed": null,
  "answers": [
    {
      "answer": "answer to question-1 UPDATED",
      "question": "What is your name?"
    },
    {
      "answer": "answer to question-2 UPDATED",
      "question": "What is your favorite color?"
    }
  ]
}