{
  "package_id": "wwwwwwww-bbbb-bbbb-bbbb-bbbbbbbbbbbb",
  "organization_id": "11111111-1111-1111-1111-111111111111",
  "name": "Health Insurance Portability and Accountability Act (HIPAA)",
  "creation_date": "2024-02-12 00:00:00",
  "roles": [
    "aaaaaaaa-aaaa-aaaa-aaaa-aaaaaaaaaaaa",
    "bbbbbbbb-bbbb-bbbb-bbbb-bbbbbbbbbbbb"
  ],
  "document_types": [
    "11111111-aaaa-aaaa-aaaa-aaaaaaaaaaaa",
    "11111111-bbbb-bbbb-bbbb-bbbbbbbbbbbb"
  ]
}