{
  "deleted_id": "yyyyyyyy-bbbb-bbbb-bbbb-bbbbbbbbbbbb"
}