[
  {
    "package_id": "wwwwwwww-bbbb-bbbb-bbbb-bbbbbbbbbbbb",
    "organization_id": "11111111-1111-1111-1111-111111111111",
    "name": "Health Insurance Portability and Accountability Act (HIPAA)",
    "creation_date": "2024-02-12 00:00:00",
    "roles": [
      "aaaaaaaa-aaaa-aaaa-aaaa-aaaaaaaaaaaa",
      "bbbbbbbb-bbbb-bbbb-bbbb-bbbbbbbbbbbb"
    ],
    "document_types": [
      "11111111-aaaa-aaaa-aaaa-aaaaaaaaaaaa",
      "11111111-bbbb-bbbb-bbbb-bbbbbbbbbbbb"
    ]
  },
  {
    "package_id": "xxxxxxxx-aaaa-aaaa-aaaa-aaaaaaaaaaaa",
    "organization_id": "11111111-1111-1111-1111-111111111111",
    "name": "General Data Protection Regulation (GDPR)",
    "creation_date": "2024-02-12 00:00:00",
    "roles": [
      "aaaaaaaa-aaaa-aaaa-aaaa-aaaaaaaaaaaa",
      "cccccccc-cccc-cccc-cccc-cccccccccccc"
    ],
    "document_types": [
      "11111111-aaaa-aaaa-aaaa-aaaaaaaaaaaa"
    ]
  },
  {
    "package_id": "yyyyyyyy-bbbb-bbbb-bbbb-bbbbbbbbbbbb",
    "organization_id": "11111111-1111-1111-1111-111111111111",
    "name": "Payment Card Industry Data Security Standard (PCI DSS)",
    "creation_date": "2024-02-12 00:00:00",
    "roles": [
      "cccccccc-cccc-cccc-cccc-cccccccccccc"
    ],
    "document_types": [
      "11111111-aaaa-aaaa-aaaa-aaaaaaaaaaaa"
    ]
  },
  {
    "package_id": "zzzzzzzz-aaaa-aaaa-aaaa-aaaaaaaaaaaa",
    "organization_id": "11111111-1111-1111-1111-111111111111",
    "name": "California Consumer Privacy Act (CCPA)",
    "creation_date": "2024-02-12 00:00:00",
    "roles": [
      "bbbbbbbb-bbbb-bbbb-bbbb-bbbbbbbbbbbb",
      "cccccccc-cccc-cccc-cccc-cccccccccccc"
    ],
    "document_types": [
      "11111111-aaaa-aaaa-aaaa-aaaaaaaaaaaa",
      "11111111-bbbb-bbbb-bbbb-bbbbbbbbbbbb"
    ]
  }
]