{
  "package_id": "_created-0000-0000-0000-000mocked_01",
  "organization_id": "11111111-1111-1111-1111-111111111111",
  "name": "Health Insurance Portability and Accountability Act (HIPAA) CREATED",
  "creation_date": "2000-01-01 00:00:00",
  "roles": [
    "aaaaaaaa-aaaa-aaaa-aaaa-aaaaaaaaaaaa",
    "bbbbbbbb-bbbb-bbbb-bbbb-bbbbbbbbbbbb"
  ],
  "document_types": [
    "11111111-aaaa-aaaa-aaaa-aaaaaaaaaaaa",
    "11111111-bbbb-bbbb-bbbb-bbbbbbbbbbbb"
  ]
}