{
  "employee_id": "_created-0000-0000-0000-000mocked_01",
  "organization_id": "11111111-1111-1111-1111-111111111111",
  "assignee_id": "aaaaaaaa-1111-1111-1111-111111111111",
  "compliance_tags": "HIPAA,PCI",
  "user_tags": "Admin,Full-time",
  "status": "Active",
  "created": "2000-01-01 00:00:00",
  "profile": {
    "profile_id": "_created-0000-0000-0000-000mocked_02",
    "employee_id": "_created-0000-0000-0000-000mocked_01",
    "title": "Dr. CREATED",
    "first_name": "John CREATED",
    "last_name": "Smith CREATED",
    "gender": "Male",
    "email": "john.smith_created@hospital.com",
    "role": "Physician CREATED",
    "grade": "Attending Physician CREATED",
    "medical_category": "MD",
    "specialty": "Cardiology",
    "date_of_birth": "1970-01-01 00:00:00",
    "address": "123 Main Street CREATED",
    "country": "United States",
    "city": "New York",
    "state": "NY",
    "zip": "10001"
  }
}