[
  {
    "assignee": "michael.lee@organization.com",
    "assignee_id": "cccccccc-1111-1111-1111-111111111111",
    "compliance_packages_names": [],
    "compliance_tags": "None",
    "created": "2022-08-17 10:00:00",
    "employee_id": "xxxxxxx-cccc-cccc-cccc-cccccccccccc",
    "notes": null,
    "organization_id": "11111111-1111-1111-1111-111111111111",
    "profile": {
      "address": "789 Oak Avenue",
      "city": "Chicago",
      "country": "United States",
      "date_of_birth": "1990-12-24 00:00:00",
      "email": "michael.lee@hospital.com",
      "employee_id": "xxxxxxx-cccc-cccc-cccc-cccccccccccc",
      "first_name": "Michael",
      "gender": "Male",
      "grade": "Certified Medical Assistant",
      "last_name": "Lee",
      "medical_category": "CMA",
      "profile_id": "xxxxxxx-xxxx-cccc-cccc-cccccccccccc",
      "role": "Medical Assistant",
      "specialty": "Family Medicine",
      "state": "IL",
      "title": "Medical Assistant",
      "zip": "60610"
    },
    "status": "Inactive",
    "user_tags": "Intern"
  },
  {
    "assignee": "michael.lee@organization.com",
    "assignee_id": "cccccccc-1111-1111-1111-111111111111",
    "compliance_packages_names": [],
    "compliance_tags": "None",
    "created": "2022-08-17 10:00:00",
    "employee_id": "xxxxxxx-dddd-dddd-dddd-dddddddddddd",
    "notes": null,
    "organization_id": "11111111-1111-1111-1111-111111111111",
    "profile": {
      "address": "789 Oak Avenue",
      "city": "Chicago",
      "country": "United States",
      "date_of_birth": "1990-12-24 00:00:00",
      "email": "michael.lee@hospital.com",
      "employee_id": "xxxxxxx-dddd-dddd-dddd-dddddddddddd",
      "first_name": "Michael",
      "gender": "Male",
      "grade": "Certified Medical Assistant",
      "last_name": "Lee",
      "medical_category": "CMA",
      "profile_id": "xxxxxxx-xxxx-dddd-dddd-dddddddddddd",
      "role": "Medical Assistant",
      "specialty": "Family Medicine",
      "state": "IL",
      "title": "Medical Assistant",
      "zip": "60610"
    },
    "status": "Inactive",
    "user_tags": "Intern"
  }
]