{
  "employee_id": "xxxxxxx-aaaa-aaaa-aaaa-aaaaaaaaaaaa",
  "organization_id": "11111111-1111-1111-1111-111111111111",
  "assignee_id": "aaaaaaaa-1111-1111-1111-111111111111",
  "compliance_tags": "HIPAA,PCI",
  "user_tags": "Admin,Full-time",
  "status": "Active",
  "created": "2023-11-21 15:30:00",
  "profile": {
    "profile_id": "xxxxxxx-xxxx-aaaa-aaaa-aaaaaaaaaaaa",
    "employee_id": "xxxxxxx-aaaa-aaaa-aaaa-aaaaaaaaaaaa",
    "title": "Dr.",
    "first_name": "John",
    "last_name": "Smith",
    "gender": "Male",
    "email": "john.smith@hospital.com",
    "role": "Physician",
    "grade": "Attending Physician",
    "medical_category": "MD",
    "specialty": "Cardiology",
    "date_of_birth": "1970-01-01 00:00:00",
    "address": "123 Main Street",
    "country": "United States",
    "city": "New York",
    "state": "NY",
    "zip": "10001"
  }
}