{
  "deleted_id": "xxxxxxx-cccc-cccc-cccc-cccccccccccc"
}