[
  {
    "employee_id": "xxxxxxx-aaaa-aaaa-aaaa-aaaaaaaaaaaa",
    "organization_id": "11111111-1111-1111-1111-111111111111",
    "assignee_id": "aaaaaaaa-1111-1111-1111-111111111111",
    "compliance_tags": "HIPAA,PCI",
    "user_tags": "Admin,Full-time",
    "status": "Active",
    "created": "2023-11-21 15:30:00",
    "profile": {
      "profile_id": "xxxxxxx-xxxx-aaaa-aaaa-aaaaaaaaaaaa",
      "employee_id": "xxxxxxx-aaaa-aaaa-aaaa-aaaaaaaaaaaa",
      "title": "Dr.",
      "first_name": "John",
      "last_name": "Smith",
      "gender": "Male",
      "email": "john.smith@hospital.com",
      "role": "Physician",
      "grade": "Attending Physician",
      "medical_category": "MD",
      "specialty": "Cardiology",
      "date_of_birth": "1970-01-01 00:00:00",
      "address": "123 Main Street",
      "country": "United States",
      "city": "New York",
      "state": "NY",
      "zip": "10001"
    }
  },
  {
    "employee_id": "xxxxxxx-bbbb-bbbb-bbbb-bbbbbbbbbbbb",
    "organization_id": "11111111-1111-1111-1111-111111111111",
    "assignee_id": "bbbbbbbb-1111-1111-1111-111111111111",
    "compliance_tags": "GDPR",
    "user_tags": "Sales,Part-time",
    "status": "Pending",
    "created": "2023-12-05 09:15:00",
    "profile":   {
      "profile_id": "xxxxxxx-xxxx-bbbb-bbbb-bbbbbbbbbbbb",
      "employee_id": "xxxxxxx-bbbb-bbbb-bbbb-bbbbbbbbbbbb",
      "title": "Registered Nurse",
      "first_name": "Jane",
      "last_name": "Doe",
      "gender": "Female",
      "email": "jane.doe@hospital.com",
      "role": "Nurse",
      "grade": "Registered Nurse",
      "medical_category": "RN",
      "specialty": "Emergency Medicine",
      "date_of_birth": "1980-05-15 00:00:00",
      "address": "456 Elm Street",
      "country": "United States",
      "city": "Los Angeles",
      "state": "CA",
      "zip": "90210"
    }
  },
  {
    "employee_id": "xxxxxxx-cccc-cccc-cccc-cccccccccccc",
    "organization_id": "11111111-1111-1111-1111-111111111111",
    "assignee_id": "cccccccc-1111-1111-1111-111111111111",
    "compliance_tags": "None",
    "user_tags": "Intern",
    "status": "Inactive",
    "created": "2022-08-17 10:00:00",
    "profile":   {
      "profile_id": "xxxxxxx-xxxx-cccc-cccc-cccccccccccc",
      "employee_id": "xxxxxxx-cccc-cccc-cccc-cccccccccccc",
      "title": "Medical Assistant",
      "first_name": "Michael",
      "last_name": "Lee",
      "gender": "Male",
      "email": "michael.lee@hospital.com",
      "role": "Medical Assistant",
      "grade": "Certified Medical Assistant",
      "medical_category": "CMA",
      "specialty": "Family Medicine",
      "date_of_birth": "1990-12-24 00:00:00",
      "address": "789 Oak Avenue",
      "country": "United States",
      "city": "Chicago",
      "state": "IL",
      "zip": "60610"
    }
  }
]
