[
  {
    "assignee": "jane.doe@hospital.com",
    "assignee_id": "cccccccc-1111-1111-1111-111111111111",
    "compliance_packages_names": [],
    "compliance_tags": "None",
    "created": "2022-08-17 10:00:00",
    "employee_id": "xxxxxxx-cccc-cccc-cccc-cccccccccccc",
    "notes": null,
    "organization_id": "11111111-1111-1111-1111-111111111111",
    "profile": {
      "profile_id": "xxxxxxx-xxxx-bbbb-bbbb-bbbbbbbbbbbb",
      "employee_id": "xxxxxxx-bbbb-bbbb-bbbb-bbbbbbbbbbbb",
      "title": "Registered Nurse",
      "first_name": "Jane",
      "last_name": "Doe",
      "gender": "Female",
      "email": "jane.doe@hospital.com",
      "role": "Nurse",
      "grade": "Registered Nurse",
      "medical_category": "RN",
      "specialty": "Emergency Medicine",
      "date_of_birth": "1980-05-15 00:00:00",
      "address": "456 Elm Street",
      "country": "United States",
      "city": "Los Angeles",
      "state": "CA",
      "zip": "90210"
    },
    "status": "Inactive",
    "user_tags": "Intern"
  }
]