{
  "deleted_id": "204561cc-a0d5-469b-afaa-3ebfe8b30642"
}