{
  "onboarding_id": "aaaaaaaa-aaaa-aaaa-aaaa-aaaaaaaaaaaa",
  "organization_id": "11111111-1111-1111-1111-111111111111",
  "created": "2024-02-12 00:00:00",
  "last_modified": "2024-02-12 00:00:00",
  "steps": [
    {
      "step_id": "xxxxxxxx-aaaa-aaaa-aaaa-aaaaaaaaaaaa",
      "organization_id": "11111111-1111-1111-1111-111111111111",
      "onboarding_id": "aaaaaaaa-aaaa-aaaa-aaaa-aaaaaaaaaaaa",
      "type": "Upload mandatory documents",
      "name": "Upload ID and Proof of Address",
      "description": "Instructions for uploading required identification documents.",
      "order": 1,
      "mandatory": true,
      "additional_properties": {},
      "roles": [
        "aaaaaaaa-aaaa-aaaa-aaaa-aaaaaaaaaaaa",
        "cccccccc-cccc-cccc-cccc-cccccccccccc"
      ]
    },
    {
      "step_id": "zzzzzzzz-aaaa-aaaa-aaaa-aaaaaaaaaaaa",
      "organization_id": "11111111-1111-1111-1111-111111111111",
      "onboarding_id": "aaaaaaaa-aaaa-aaaa-aaaa-aaaaaaaaaaaa",
      "type": "Welcome",
      "name": "Welcome to our company!",
      "description": "A warm welcome message for the new employee.",
      "order": 2,
      "mandatory": true,
      "additional_properties": {},
      "roles": [
        "bbbbbbbb-bbbb-bbbb-bbbb-bbbbbbbbbbbb",
        "cccccccc-cccc-cccc-cccc-cccccccccccc"
      ]
    }
  ]
}