{
  "deleted_id": "tttttttt-aaaa-aaaa-aaaa-aaaaaaaaaaaa"
}