{
    "reference_id": "ssssssss-aaaa-aaaa-aaaa-aaaaaaaaaaaa",
    "employee_id": "xxxxxxx-bbbb-bbbb-bbbb-bbbbbbbbbbbb",
    "referee_name": "Jane Smith UPDATED",
    "referee_email": "jane.smith@example.com",
    "referee_phone": "+9876543210",
    "status": "Approved",
    "s3_path": null,
    "created_date": "2024-02-22 15:30:00",
    "completion_date": "2000-01-01 00:00:00"
}