{
  "deleted_id": "11111111-bbbb-bbbb-bbbb-bbbbbbbbbbbb"
}